[BUILDINGS]
boatwreck=StandardMesh(boatwreck_m1)
church=StandardMesh(church_m1)
lighthouse_e_01=StandardMesh(lighthouse_e_01_m1)
monasteryfront=StandardMesh(monasteryfront_m1)
monasteryback=StandardMesh(monasteryback_m1
outhouse_e_01=StandardMesh(outhouse_e_01_m1)
shed_e_01=StandardMesh(shed_e_01_m1)
shed_e_02=StandardMesh(shed_e_02_m1)
shed_e_03=StandardMesh(shed_e_03_m1)
townhousemedium_e_01=StandardMesh(townhousemedium_e_01_m1)
townhousemedium_storefront01=StandardMesh(townhousemedium_storefront01_m1)
townhousemedium_e_02=StandardMesh(townhousemedium_e_02_m1)
townhousemedium_e_03=StandardMesh(townhousemedium_e_03_m1)
townhousemedium_storefront03=StandardMesh(townhousemedium_storefront03_m1)
townhousemedium_e_03_terrace=StandardMesh(townhousemedium_e_03_terrace_m1)
townhousesmall_e_01=StandardMesh(townhousesmall_e_01_m1)
townhousesmall_e_02=StandardMesh(townhousesmall_e_02_m1)
townhousesmall_e_03=StandardMesh(townhousesmall_e_03_m1)
warehousemedium_e_01=StandardMesh(warehousemedium_e_01_m1)
watermill_e=StandardMesh(watermill_e_m1)
watermill_base_e=StandardMesh(watermill_base_e_m1)
watermill_wheel_e=StandardMesh(watermill_wheel_e_m1)
windmill=StandardMesh(windmill_m1)
windmillblades=StandardMesh(windmillblades_m1)

[LADDERS]
church_ladder_e_01=StandardMesh(church_ladder_e_01_m1)
lighthouse_ladder_e_01=StandardMesh(lighthouse_ladder_e_01)

[PROPS]
basket_01_empty=StandardMesh(basket_01_empty_m1)
basket_01_grain=StandardMesh(basket_01_grain_m1)
cable_8m=StandardMesh(cable_8m_m1)
cable_16m=StandardMesh(cable_16m_m1)
cable_flags_10m=StandardMesh(cable_flags_10m_m1)
cable_flags_16m=StandardMesh(cable_flags_16m_m1)
cablepole_01=StandardMesh(cablepole_01_m1)
cablepole_02=StandardMesh(cablepole_02_m1)
cablepole_cluster_01=StandardMesh(cablepole_cluster_01_m1)
crate_01=StandardMesh(crate_01_m1)
crate_02=StandardMesh(crate_02_m1)
crate_03=StandardMesh(crate_03_m1)
creek_01=StandardMesh(creek_01_m1)
fountain_01=StandardMesh(fountain_01_m1)
light_post_01=StandardMesh(light_post_01_m1)
log_pinetree_01=StandardMesh(log_pinetree_01_m1)
maketstand_01=StandardMesh(maketstand_01_m1)
monastery_sign=StandardMesh(monastery_sign)
pinetree_forrestbackdrop_01=StandardMesh(pinetree_forrestbackdrop_01)
pinetree_forrestbackdrop_02=StandardMesh(pinetree_forrestbackdrop_02)
prop_cluster_01=StandardMesh(prop_cluster_01_m1)
prop_cluster_02=StandardMesh(prop_cluster_02_m1)
prop_cluster_03=StandardMesh(prop_cluster_03_m1)
prop_cluster_04=StandardMesh(prop_cluster_04_m1)
prop_cluster_05=StandardMesh(prop_cluster_05_m1)
prop_cluster_06=StandardMesh(prop_cluster_06_m1)
prop_cluster_07=StandardMesh(prop_cluster_07_m1)
quaypart_01=StandardMesh(quaypart_01_m1)
quaypart_02=StandardMesh(quaypart_02_m1)
quaypart_03=StandardMesh(quaypart_03_m1)
quaypart_long=StandardMesh(quaypart_long_m1)
road_post_4m=StandardMesh(road_post_4m_m1)
road_post_8m=StandardMesh(road_post_8m_m1)
road_post_28m_bent=StandardMesh(road_post_28m_bent_m1)
road_post_end_piece=StandardMesh(road_post_end_piece_m1)
road_sign_01=StandardMesh(road_sign_01_m1)
road_sign_02=StandardMesh(road_sign_02_m1)
rockpile_large=StandardMesh(rockpile_large_m1)
rockpile_medium=StandardMesh(rockpile_medium_m1)
rockpile_small=StandardMesh(rockpile_small_m1)
ruinblock_01=StandardMesh(ruinblock_01_m1)
ruinblock_ramp_01=StandardMesh(ruinblock_ramp_01_m1)
steel_barrel_01=StandardMesh(steel_barrel_01_m1)
stone_stairs_01=StandardMesh(stone_stairs_01_m1)
stone_stairs_01_x7=StandardMesh(stone_stairs_01_x7_m1)
stone_stairs_02=StandardMesh(stone_stairs_02_m1)
stone_stairs_03=StandardMesh(stone_stairs_03_m1)
stonebridge_large=StandardMesh(stonebridge_large_m1)
storesign_01=StandardMesh(storesign_01_m1)
storesign_02=StandardMesh(storesign_02_m1)
storesign_03=StandardMesh(storesign_03_m1)
stump_pinetree_01=StandardMesh(stump_pinetree_01_m1)
tanktrap_01=StandardMesh(tanktrap_01_m1)
telephone_cable_8m=StandardMesh(telephone_cable_8m_m1)
telephone_cable_16m=StandardMesh(telephone_cable_16m_m1)
telephone_post_01=StandardMesh(telephone_post_01_m1)
vine_01=StandardMesh(vine_01_m1)
vine_wall_01=StandardMesh(vine_wall_01_m1)
vine_wall_02=StandardMesh(vine_wall_02_m1)
wooden_barrel_01=StandardMesh(wooden_barrel_01_m1)
wooden_bucket_01=StandardMesh(wooden_bucket_01_m1)
wooden_cart_01=StandardMesh(wooden_cart_01_m1)
wooden_gate=StandardMesh(wooden_gate_m1)
wooden_stairs_01=StandardMesh(wooden_stairs_01_m1)
wooden_stairs_02=StandardMesh(wooden_stairs_02_m1)
wooden_trashbin_01=StandardMesh(wooden_trashbin_01_m1)

[SYSTEMS]
highbrickwall_4m=StandardMesh(highbrickwall_4m_m1)
highbrickwall_8m=StandardMesh(highbrickwall_8m_m1)
highbrickwall_8m_arch=StandardMesh(highbrickwall_8m_arch_m1)
highbrickwall_16m=StandardMesh(highbrickwall_16m_m1)
highbrickwall_endpiece=StandardMesh(highbrickwall_endpiece_m1)
highbrickwall_inverted_8m=StandardMesh(highbrickwall_inverted_8m_m1)
ruinedwall_arch_high=StandardMesh(ruinedwall_arch_high_m1)
ruinedwall_arch_low=StandardMesh(ruinedwall_arch_low_m1)
ruinedwall_ground_8m=StandardMesh(ruinedwall_ground_8m_m1)
ruinedwall_high_8m=StandardMesh(ruinedwall_high_8m_m1)
ruinedwall_low_4m=StandardMesh(ruinedwall_low_4m_m1)
ruinedwall_medium_4m=StandardMesh(ruinedwall_medium_4m_m1)
ruinedwall_medium_8m=StandardMesh(ruinedwall_medium_8m_m1)
sandbags_4m=StandardMesh(sandbags_4m_m1)
sandbags_lshape_4m=StandardMesh(sandbags_lshape_4m_m1)
sandbags_ushape=StandardMesh(sandbags_ushape_m1)
stonewall_8m=StandardMesh(stonewall_8m_m1)
stonewall_16m=StandardMesh(stonewall_16m_m1)
stonewall_32m=StandardMesh(stonewall_32m_m1)
wooden_fence_4m=StandardMesh(wooden_fence_4m_m1)
wooden_fence_8m=StandardMesh(wooden_fence_8m_m1)
wooden_fence_endpiece=StandardMesh(wooden_fence_endpiece_m1)
wooden_fence2_4m=StandardMesh(wooden_fence2_4m_m1)
wooden_fence2_8m=StandardMesh(wooden_fence2_8m_m1)
wooden_fence2_broken=StandardMesh(wooden_fence2_broken_m1)
wooden_fence_endpiece=StandardMesh(wooden_fence2_endpiece_m1)

[VEGETATION]
mt_cypress_01=StandardMesh(mt_cypress_01_m1)
mt_cypress_02=StandardMesh(mt_cypress_02_m1)
mt_cypress_cluster_01=StandardMesh(mt_cypress_cluster_01_m1)
mt_leaftree_03=StandardMesh(mt_leaftree_03_m1)
mt_leaftree_04=StandardMesh(mt_leaftree_04_m1)
mt_leaftree_au=StandardMesh(mt_leaftree_au_m1)
mt_leaftree_au_02=StandardMesh(mt_leaftree_au_02_m1)
mt_leaftree_au_03=StandardMesh(mt_leaftree_au_03_m1)
mt_leaftree_cluster_01=StandardMesh(mt_leaftree_cluster_01_m1)
mt_leaftree_cluster_02=StandardMesh(mt_leaftree_cluster_02_m1)
mt_leaftree_cluster_03=StandardMesh(mt_leaftree_cluster_03_m1)
mt_leaftree_cluster_04=StandardMesh(mt_leaftree_cluster_04_m1)
mt_leaftree_cluster_au=StandardMesh(mt_leaftree_cluster_au_m1)
mt_leaftree_cluster_au_03=StandardMesh(mt_leaftree_cluster_au_03_m1)
mt_mediumbush_01=StandardMesh(mt_mediumbush_01_m1)
pinetree_01=StandardMesh(pinetree_01_m1)
pinetree_02=StandardMesh(pinetree_02_m1)

[UNDERGROWTH]
mt_mediumbush_01_03=StandardMesh(mt_mediumbush_01_m1)
shortGrass_Green_m1=StandardMesh(shortGrass_Green_m1)
mediumGrass_Green_m1=StandardMesh(mediumGrass_Green_m1)
tallgrass_yellow_m1=StandardMesh(tallgrass_yellow_m1)

[VEHICLES]
bri_jeep_willys=StandardMesh(bri_jeep_willys_m1)
ger_jeep_kubelwagen=StandardMesh(ger_jeep_kubelwagen_m1)
bri_tank_sherman=StandardMesh(bri_tank_sherman_m1)
ger_tank_panzierIV=StandardMesh(ger_tank_panzerIV_m1)
bri_plane_spitfire=StandardMesh(bri_plane_spitfire_m1)
ger_plane_messerschmitt=StandardMesh(ger_plane_messerschmitt_m1)
com_aa=StandardMesh(com_aa_m2)

[EFFECTS]
e_BlueLightSmall_Flashing=TreeMesh(e_RedLight_Small_m1)
e_RedLightSmall_Flashing=TreeMesh(e_BlueLight_Small_m1)

[FLAGS]
AnimatedNaFlag=AnimatedMesh(flag_na_m1)
AnimatedRaFlag=AnimatedMesh(flag_ra_m1)
flag_neutral_m1=AnimatedMesh(flag_neutral_m1)
flag_neutralSilent_m1=AnimatedMesh(flag_neutralSilent_m1)
flagpole=StandardMesh(flagpole_m1)
hoth_rocket_base=StandardMesh(hoth_rocket_base_m1)
hoth_rocket_effects=StandardMesh(hoth_rocket_effects_m1)
hoth_rocket_effects_nationals=StandardMesh(hoth_rocket_effects_nationals_m1)
hoth_rocket_effects_royals=StandardMesh(hoth_rocket_effects_royals_m1)

[AMBIENTS]
S_flag_ra_Start=StandardMesh()
S_flag_na_Start=StandardMesh()